#fontmapfile
Courier8.Scn.Fnt	Courier10.Scn.Fnt
Courier10.Scn.Fnt	Courier12.Scn.Fnt
Syntax8.Scn.Fnt	Syntax12.Scn.Fnt
Syntax8b.Scn.Fnt	Syntax12b.Scn.Fnt
Syntax8i.Scn.Fnt	Syntax12i.Scn.Fnt
Syntax8m.Scn.Fnt	Syntax12m.Scn.Fnt
Syntax10.Scn.Fnt	Syntax14.Scn.Fnt
Syntax10b.Scn.Fnt	Syntax14b.Scn.Fnt
Syntax10i.Scn.Fnt	Syntax14i.Scn.Fnt
Syntax10m.Scn.Fnt	Syntax14m.Scn.Fnt
Syntax12.Scn.Fnt	Syntax16.Scn.Fnt
Syntax12b.Scn.Fnt	Syntax16b.Scn.Fnt
Syntax12i.Scn.Fnt	Syntax16i.Scn.Fnt
Syntax12m.Scn.Fnt	Syntax16m.Scn.Fnt
Syntax14.Scn.Fnt	Syntax20.Scn.Fnt
Syntax14b.Scn.Fnt	Syntax20b.Scn.Fnt
Syntax14i.Scn.Fnt	Syntax20i.Scn.Fnt
Syntax14m.Scn.Fnt	Syntax20m.Scn.Fnt
Syntax16.Scn.Fnt	Syntax24.Scn.Fnt
Syntax16b.Scn.Fnt	Syntax24b.Scn.Fnt 
Syntax16i.Scn.Fnt	Syntax24i.Scn.Fnt
Syntax16m.Scn.Fnt	Syntax24m.Scn.Fnt
Syntax20.Scn.Fnt	Syntax24.Scn.Fnt
Syntax20b.Scn.Fnt	Syntax24b.Scn.Fnt 
Syntax20i.Scn.Fnt	Syntax24i.Scn.Fnt
Syntax20m.Scn.Fnt	Syntax24m.Scn.Fnt
GreekSyntax10.Scn.Fnt	GreekSyntax14.Scn.Fnt
GreekSyntax12.Scn.Fnt	GreekSyntax16.Scn.Fnt
GreekSyntax14.Scn.Fnt	GreekSyntax20.Scn.Fnt
GreekSyntax16.Scn.Fnt	GreekSyntax24.Scn.Fnt
GreekSyntax20.Scn.Fnt	GreekSyntax24.Scn.Fnt
Math10.Scn.Fnt	Math14.Scn.Fnt
Math12.Scn.Fnt	Math16.Scn.Fnt
Math14.Scn.Fnt	Math20.Scn.Fnt
Math16.Scn.Fnt	Math24.Scn.Fnt
Math20.Scn.Fnt	Math24.Scn.Fnt
